2025-12-01 18:12:15 [info] : 应用启动: 2025-12-01T18:12:15.065891
2025-12-01 18:12:15 [info] : 已注册全局快捷键: ctrl+e
2025-12-01 18:12:15 [info] : 正在加载角色 橘雪莉 ...
2025-12-01 18:12:15 [info] : 角色 橘雪莉 加载完成 ✓
2025-12-01 18:12:18 [info] : 已选择角色: 弗洛洛
2025-12-01 18:12:18 [info] : 正在加载角色 弗洛洛 ...
2025-12-01 18:12:18 [info] : 角色 弗洛洛 加载完成 ✓
2025-12-01 18:13:02 [info] : 生成中...
2025-12-01 18:13:02 [info] : 成功生成图片！角色: fuluoluo, 表情: 2
2025-12-01 18:13:20 [info] : 已选择角色: 橘雪莉
2025-12-01 18:13:20 [info] : 正在加载角色 橘雪莉 ...
2025-12-01 18:13:20 [info] : 角色 橘雪莉 加载完成 ✓
2025-12-01 18:13:26 [info] : 生成中...
2025-12-01 18:13:27 [info] : 成功生成图片！角色: sherri, 表情: 1
2025-12-01 18:13:53 [info] : 已选择角色: 弗洛洛
2025-12-01 18:13:53 [info] : 正在加载角色 弗洛洛 ...
2025-12-01 18:13:53 [info] : 角色 弗洛洛 加载完成 ✓
2025-12-01 18:14:19 [info] : 生成中...
2025-12-01 18:14:19 [info] : 成功生成图片！角色: fuluoluo, 表情: 2
2025-12-01 18:14:25 [info] : 生成中...
2025-12-01 18:14:25 [info] : 成功生成图片！角色: fuluoluo, 表情: 3
2025-12-01 18:14:28 [info] : 生成中...
2025-12-01 18:14:29 [info] : 成功生成图片！角色: fuluoluo, 表情: 1
2025-12-01 18:14:35 [info] : 生成中...
2025-12-01 18:14:36 [info] : 成功生成图片！角色: fuluoluo, 表情: 3
2025-12-01 18:15:27 [info] : KeyboardInterrupt 捕获，准备退出。
2025-12-01 18:15:27 [info] : 应用退出: 2025-12-01T18:15:27.095796
